                                      1 ;--------------------------------------------------------
                                      2 ; File Created by SDCC : free open source ISO C Compiler 
                                      3 ; Version 4.4.0 #14620 (Mac OS X ppc)
                                      4 ;--------------------------------------------------------
                                      5 	.module preemptive
                                      6 	.optsdcc -mmcs51 --model-small
                                      7 	
                                      8 ;--------------------------------------------------------
                                      9 ; Public variables in this module
                                     10 ;--------------------------------------------------------
                                     11 	.globl _myTimer0Handler
                                     12 	.globl _Bootstrap
                                     13 	.globl _main
                                     14 	.globl _CY
                                     15 	.globl _AC
                                     16 	.globl _F0
                                     17 	.globl _RS1
                                     18 	.globl _RS0
                                     19 	.globl _OV
                                     20 	.globl _F1
                                     21 	.globl _P
                                     22 	.globl _PS
                                     23 	.globl _PT1
                                     24 	.globl _PX1
                                     25 	.globl _PT0
                                     26 	.globl _PX0
                                     27 	.globl _RD
                                     28 	.globl _WR
                                     29 	.globl _T1
                                     30 	.globl _T0
                                     31 	.globl _INT1
                                     32 	.globl _INT0
                                     33 	.globl _TXD
                                     34 	.globl _RXD
                                     35 	.globl _P3_7
                                     36 	.globl _P3_6
                                     37 	.globl _P3_5
                                     38 	.globl _P3_4
                                     39 	.globl _P3_3
                                     40 	.globl _P3_2
                                     41 	.globl _P3_1
                                     42 	.globl _P3_0
                                     43 	.globl _EA
                                     44 	.globl _ES
                                     45 	.globl _ET1
                                     46 	.globl _EX1
                                     47 	.globl _ET0
                                     48 	.globl _EX0
                                     49 	.globl _P2_7
                                     50 	.globl _P2_6
                                     51 	.globl _P2_5
                                     52 	.globl _P2_4
                                     53 	.globl _P2_3
                                     54 	.globl _P2_2
                                     55 	.globl _P2_1
                                     56 	.globl _P2_0
                                     57 	.globl _SM0
                                     58 	.globl _SM1
                                     59 	.globl _SM2
                                     60 	.globl _REN
                                     61 	.globl _TB8
                                     62 	.globl _RB8
                                     63 	.globl _TI
                                     64 	.globl _RI
                                     65 	.globl _P1_7
                                     66 	.globl _P1_6
                                     67 	.globl _P1_5
                                     68 	.globl _P1_4
                                     69 	.globl _P1_3
                                     70 	.globl _P1_2
                                     71 	.globl _P1_1
                                     72 	.globl _P1_0
                                     73 	.globl _TF1
                                     74 	.globl _TR1
                                     75 	.globl _TF0
                                     76 	.globl _TR0
                                     77 	.globl _IE1
                                     78 	.globl _IT1
                                     79 	.globl _IE0
                                     80 	.globl _IT0
                                     81 	.globl _P0_7
                                     82 	.globl _P0_6
                                     83 	.globl _P0_5
                                     84 	.globl _P0_4
                                     85 	.globl _P0_3
                                     86 	.globl _P0_2
                                     87 	.globl _P0_1
                                     88 	.globl _P0_0
                                     89 	.globl _B
                                     90 	.globl _ACC
                                     91 	.globl _PSW
                                     92 	.globl _IP
                                     93 	.globl _P3
                                     94 	.globl _IE
                                     95 	.globl _P2
                                     96 	.globl _SBUF
                                     97 	.globl _SCON
                                     98 	.globl _P1
                                     99 	.globl _TH1
                                    100 	.globl _TH0
                                    101 	.globl _TL1
                                    102 	.globl _TL0
                                    103 	.globl _TMOD
                                    104 	.globl _TCON
                                    105 	.globl _PCON
                                    106 	.globl _DPH
                                    107 	.globl _DPL
                                    108 	.globl _SP
                                    109 	.globl _P0
                                    110 	.globl _temp
                                    111 	.globl _newThread
                                    112 	.globl _tempSP
                                    113 	.globl _i
                                    114 	.globl _threadMask
                                    115 	.globl _currentThread
                                    116 	.globl _savedSP
                                    117 	.globl _ThreadCreate
                                    118 	.globl _ThreadYield
                                    119 	.globl _ThreadExit
                                    120 ;--------------------------------------------------------
                                    121 ; special function registers
                                    122 ;--------------------------------------------------------
                                    123 	.area RSEG    (ABS,DATA)
      000000                        124 	.org 0x0000
                           000080   125 _P0	=	0x0080
                           000081   126 _SP	=	0x0081
                           000082   127 _DPL	=	0x0082
                           000083   128 _DPH	=	0x0083
                           000087   129 _PCON	=	0x0087
                           000088   130 _TCON	=	0x0088
                           000089   131 _TMOD	=	0x0089
                           00008A   132 _TL0	=	0x008a
                           00008B   133 _TL1	=	0x008b
                           00008C   134 _TH0	=	0x008c
                           00008D   135 _TH1	=	0x008d
                           000090   136 _P1	=	0x0090
                           000098   137 _SCON	=	0x0098
                           000099   138 _SBUF	=	0x0099
                           0000A0   139 _P2	=	0x00a0
                           0000A8   140 _IE	=	0x00a8
                           0000B0   141 _P3	=	0x00b0
                           0000B8   142 _IP	=	0x00b8
                           0000D0   143 _PSW	=	0x00d0
                           0000E0   144 _ACC	=	0x00e0
                           0000F0   145 _B	=	0x00f0
                                    146 ;--------------------------------------------------------
                                    147 ; special function bits
                                    148 ;--------------------------------------------------------
                                    149 	.area RSEG    (ABS,DATA)
      000000                        150 	.org 0x0000
                           000080   151 _P0_0	=	0x0080
                           000081   152 _P0_1	=	0x0081
                           000082   153 _P0_2	=	0x0082
                           000083   154 _P0_3	=	0x0083
                           000084   155 _P0_4	=	0x0084
                           000085   156 _P0_5	=	0x0085
                           000086   157 _P0_6	=	0x0086
                           000087   158 _P0_7	=	0x0087
                           000088   159 _IT0	=	0x0088
                           000089   160 _IE0	=	0x0089
                           00008A   161 _IT1	=	0x008a
                           00008B   162 _IE1	=	0x008b
                           00008C   163 _TR0	=	0x008c
                           00008D   164 _TF0	=	0x008d
                           00008E   165 _TR1	=	0x008e
                           00008F   166 _TF1	=	0x008f
                           000090   167 _P1_0	=	0x0090
                           000091   168 _P1_1	=	0x0091
                           000092   169 _P1_2	=	0x0092
                           000093   170 _P1_3	=	0x0093
                           000094   171 _P1_4	=	0x0094
                           000095   172 _P1_5	=	0x0095
                           000096   173 _P1_6	=	0x0096
                           000097   174 _P1_7	=	0x0097
                           000098   175 _RI	=	0x0098
                           000099   176 _TI	=	0x0099
                           00009A   177 _RB8	=	0x009a
                           00009B   178 _TB8	=	0x009b
                           00009C   179 _REN	=	0x009c
                           00009D   180 _SM2	=	0x009d
                           00009E   181 _SM1	=	0x009e
                           00009F   182 _SM0	=	0x009f
                           0000A0   183 _P2_0	=	0x00a0
                           0000A1   184 _P2_1	=	0x00a1
                           0000A2   185 _P2_2	=	0x00a2
                           0000A3   186 _P2_3	=	0x00a3
                           0000A4   187 _P2_4	=	0x00a4
                           0000A5   188 _P2_5	=	0x00a5
                           0000A6   189 _P2_6	=	0x00a6
                           0000A7   190 _P2_7	=	0x00a7
                           0000A8   191 _EX0	=	0x00a8
                           0000A9   192 _ET0	=	0x00a9
                           0000AA   193 _EX1	=	0x00aa
                           0000AB   194 _ET1	=	0x00ab
                           0000AC   195 _ES	=	0x00ac
                           0000AF   196 _EA	=	0x00af
                           0000B0   197 _P3_0	=	0x00b0
                           0000B1   198 _P3_1	=	0x00b1
                           0000B2   199 _P3_2	=	0x00b2
                           0000B3   200 _P3_3	=	0x00b3
                           0000B4   201 _P3_4	=	0x00b4
                           0000B5   202 _P3_5	=	0x00b5
                           0000B6   203 _P3_6	=	0x00b6
                           0000B7   204 _P3_7	=	0x00b7
                           0000B0   205 _RXD	=	0x00b0
                           0000B1   206 _TXD	=	0x00b1
                           0000B2   207 _INT0	=	0x00b2
                           0000B3   208 _INT1	=	0x00b3
                           0000B4   209 _T0	=	0x00b4
                           0000B5   210 _T1	=	0x00b5
                           0000B6   211 _WR	=	0x00b6
                           0000B7   212 _RD	=	0x00b7
                           0000B8   213 _PX0	=	0x00b8
                           0000B9   214 _PT0	=	0x00b9
                           0000BA   215 _PX1	=	0x00ba
                           0000BB   216 _PT1	=	0x00bb
                           0000BC   217 _PS	=	0x00bc
                           0000D0   218 _P	=	0x00d0
                           0000D1   219 _F1	=	0x00d1
                           0000D2   220 _OV	=	0x00d2
                           0000D3   221 _RS0	=	0x00d3
                           0000D4   222 _RS1	=	0x00d4
                           0000D5   223 _F0	=	0x00d5
                           0000D6   224 _AC	=	0x00d6
                           0000D7   225 _CY	=	0x00d7
                                    226 ;--------------------------------------------------------
                                    227 ; overlayable register banks
                                    228 ;--------------------------------------------------------
                                    229 	.area REG_BANK_0	(REL,OVR,DATA)
      000000                        230 	.ds 8
                                    231 ;--------------------------------------------------------
                                    232 ; internal ram data
                                    233 ;--------------------------------------------------------
                                    234 	.area DSEG    (DATA)
                           000025   235 _savedSP	=	0x0025
                           000029   236 _currentThread	=	0x0029
                           00002A   237 _threadMask	=	0x002a
                           00002B   238 _i	=	0x002b
                           00002C   239 _tempSP	=	0x002c
                           00002D   240 _newThread	=	0x002d
                           00002E   241 _temp	=	0x002e
                                    242 ;--------------------------------------------------------
                                    243 ; overlayable items in internal ram
                                    244 ;--------------------------------------------------------
                                    245 	.area	OSEG    (OVR,DATA)
                                    246 ;--------------------------------------------------------
                                    247 ; indirectly addressable internal ram data
                                    248 ;--------------------------------------------------------
                                    249 	.area ISEG    (DATA)
                                    250 ;--------------------------------------------------------
                                    251 ; absolute internal ram data
                                    252 ;--------------------------------------------------------
                                    253 	.area IABS    (ABS,DATA)
                                    254 	.area IABS    (ABS,DATA)
                                    255 ;--------------------------------------------------------
                                    256 ; bit data
                                    257 ;--------------------------------------------------------
                                    258 	.area BSEG    (BIT)
      000000                        259 _ThreadCreate_sloc0_1_0:
      000000                        260 	.ds 1
                                    261 ;--------------------------------------------------------
                                    262 ; paged external ram data
                                    263 ;--------------------------------------------------------
                                    264 	.area PSEG    (PAG,XDATA)
                                    265 ;--------------------------------------------------------
                                    266 ; uninitialized external ram data
                                    267 ;--------------------------------------------------------
                                    268 	.area XSEG    (XDATA)
                                    269 ;--------------------------------------------------------
                                    270 ; absolute external ram data
                                    271 ;--------------------------------------------------------
                                    272 	.area XABS    (ABS,XDATA)
                                    273 ;--------------------------------------------------------
                                    274 ; initialized external ram data
                                    275 ;--------------------------------------------------------
                                    276 	.area XISEG   (XDATA)
                                    277 	.area HOME    (CODE)
                                    278 	.area GSINIT0 (CODE)
                                    279 	.area GSINIT1 (CODE)
                                    280 	.area GSINIT2 (CODE)
                                    281 	.area GSINIT3 (CODE)
                                    282 	.area GSINIT4 (CODE)
                                    283 	.area GSINIT5 (CODE)
                                    284 	.area GSINIT  (CODE)
                                    285 	.area GSFINAL (CODE)
                                    286 	.area CSEG    (CODE)
                                    287 ;--------------------------------------------------------
                                    288 ; global & static initialisations
                                    289 ;--------------------------------------------------------
                                    290 	.area HOME    (CODE)
                                    291 	.area GSINIT  (CODE)
                                    292 	.area GSFINAL (CODE)
                                    293 	.area GSINIT  (CODE)
                                    294 ;--------------------------------------------------------
                                    295 ; Home
                                    296 ;--------------------------------------------------------
                                    297 	.area HOME    (CODE)
                                    298 	.area HOME    (CODE)
                                    299 ;--------------------------------------------------------
                                    300 ; code
                                    301 ;--------------------------------------------------------
                                    302 	.area CSEG    (CODE)
                                    303 ;------------------------------------------------------------
                                    304 ;Allocation info for local variables in function 'Bootstrap'
                                    305 ;------------------------------------------------------------
                                    306 ;	preemptive.c:80: void Bootstrap(void) {
                                    307 ;	-----------------------------------------
                                    308 ;	 function Bootstrap
                                    309 ;	-----------------------------------------
      000000                        310 _Bootstrap:
                           000007   311 	ar7 = 0x07
                           000006   312 	ar6 = 0x06
                           000005   313 	ar5 = 0x05
                           000004   314 	ar4 = 0x04
                           000003   315 	ar3 = 0x03
                           000002   316 	ar2 = 0x02
                           000001   317 	ar1 = 0x01
                           000000   318 	ar0 = 0x00
                                    319 ;	preemptive.c:81: threadMask = 0;
      000000 75 2A 00         [24]  320 	mov	_threadMask,#0x00
                                    321 ;	preemptive.c:82: TMOD = 0; // timer 0 mode 0
      000003 75 89 00         [24]  322 	mov	_TMOD,#0x00
                                    323 ;	preemptive.c:85: IE = 0x82; // enable timer 0 interrupt,
      000006 75 A8 82         [24]  324 	mov	_IE,#0x82
                                    325 ;	preemptive.c:86: TR0 = 1; // start running timer0
                                    326 ;	assignBit
      000009 D2 8C            [12]  327 	setb	_TR0
                                    328 ;	preemptive.c:87: currentThread = ThreadCreate(main);
      00000B 90r00r00         [24]  329 	mov	dptr,#_main
      00000E 12r00r7B         [24]  330 	lcall	_ThreadCreate
      000011 85 82 29         [24]  331 	mov	_currentThread,dpl
                                    332 ;	preemptive.c:88: RESTORESTATE;
      000014 E5 29            [12]  333 	mov	a,_currentThread
      000016 24 25            [12]  334 	add	a, #_savedSP
      000018 F9               [12]  335 	mov	r1,a
      000019 87 81            [24]  336 	mov	_SP,@r1
      00001B D0 D0            [24]  337 	POP PSW 
      00001D D0 83            [24]  338 	POP DPH 
      00001F D0 82            [24]  339 	POP DPL 
      000021 D0 F0            [24]  340 	POP B 
      000023 D0 E0            [24]  341 	POP ACC 
                                    342 ;	preemptive.c:89: }
      000025 22               [24]  343 	ret
                                    344 ;------------------------------------------------------------
                                    345 ;Allocation info for local variables in function 'myTimer0Handler'
                                    346 ;------------------------------------------------------------
                                    347 ;	preemptive.c:97: void myTimer0Handler(void) {
                                    348 ;	-----------------------------------------
                                    349 ;	 function myTimer0Handler
                                    350 ;	-----------------------------------------
      000026                        351 _myTimer0Handler:
                                    352 ;	preemptive.c:98: EA = 0; // don't do __critial
                                    353 ;	assignBit
      000026 C2 AF            [12]  354 	clr	_EA
                                    355 ;	preemptive.c:99: SAVESTATE;
      000028 C0 E0            [24]  356 	PUSH ACC 
      00002A C0 F0            [24]  357 	PUSH B 
      00002C C0 82            [24]  358 	PUSH DPL 
      00002E C0 83            [24]  359 	PUSH DPH 
      000030 C0 D0            [24]  360 	PUSH PSW 
      000032 E5 29            [12]  361 	mov	a,_currentThread
      000034 24 25            [12]  362 	add	a, #_savedSP
      000036 F8               [12]  363 	mov	r0,a
      000037 A6 81            [24]  364 	mov	@r0,_SP
                                    365 ;	preemptive.c:101: do{
      000039                        366 00103$:
                                    367 ;	preemptive.c:102: currentThread = (currentThread < 3) ? currentThread + 1 : 0;
      000039 74 FD            [12]  368 	mov	a,#0x100 - 0x03
      00003B 25 29            [12]  369 	add	a,_currentThread
      00003D 40 0B            [24]  370 	jc	00108$
      00003F AF 29            [24]  371 	mov	r7,_currentThread
      000041 0F               [12]  372 	inc	r7
      000042 EF               [12]  373 	mov	a,r7
      000043 FE               [12]  374 	mov	r6,a
      000044 33               [12]  375 	rlc	a
      000045 95 E0            [12]  376 	subb	a,acc
      000047 FF               [12]  377 	mov	r7,a
      000048 80 04            [24]  378 	sjmp	00109$
      00004A                        379 00108$:
      00004A 7E 00            [12]  380 	mov	r6,#0x00
      00004C 7F 00            [12]  381 	mov	r7,#0x00
      00004E                        382 00109$:
      00004E 8E 29            [24]  383 	mov	_currentThread,r6
                                    384 ;	preemptive.c:103: temp = 1 << currentThread;
      000050 85 29 F0         [24]  385 	mov	b,_currentThread
      000053 05 F0            [12]  386 	inc	b
      000055 74 01            [12]  387 	mov	a,#0x01
      000057 80 02            [24]  388 	sjmp	00130$
      000059                        389 00129$:
      000059 25 E0            [12]  390 	add	a,acc
      00005B                        391 00130$:
      00005B D5 F0 FB         [24]  392 	djnz	b,00129$
      00005E F5 2E            [12]  393 	mov	_temp,a
                                    394 ;	preemptive.c:104: if (threadMask & temp){
      000060 E5 2E            [12]  395 	mov	a,_temp
      000062 55 2A            [12]  396 	anl	a,_threadMask
      000064 60 D3            [24]  397 	jz	00103$
                                    398 ;	preemptive.c:108: RESTORESTATE;
      000066 E5 29            [12]  399 	mov	a,_currentThread
      000068 24 25            [12]  400 	add	a, #_savedSP
      00006A F9               [12]  401 	mov	r1,a
      00006B 87 81            [24]  402 	mov	_SP,@r1
      00006D D0 D0            [24]  403 	POP PSW 
      00006F D0 83            [24]  404 	POP DPH 
      000071 D0 82            [24]  405 	POP DPL 
      000073 D0 F0            [24]  406 	POP B 
      000075 D0 E0            [24]  407 	POP ACC 
                                    408 ;	preemptive.c:111: EA = 1;
                                    409 ;	assignBit
      000077 D2 AF            [12]  410 	setb	_EA
                                    411 ;	preemptive.c:114: __endasm;
      000079 32               [24]  412 	RETI
                                    413 ;	preemptive.c:115: }
      00007A 22               [24]  414 	ret
                                    415 ;------------------------------------------------------------
                                    416 ;Allocation info for local variables in function 'ThreadCreate'
                                    417 ;------------------------------------------------------------
                                    418 ;fp                        Allocated to registers 
                                    419 ;------------------------------------------------------------
                                    420 ;	preemptive.c:117: ThreadID ThreadCreate(FunctionPtr fp){
                                    421 ;	-----------------------------------------
                                    422 ;	 function ThreadCreate
                                    423 ;	-----------------------------------------
      00007B                        424 _ThreadCreate:
                                    425 ;	preemptive.c:123: if(threadMask == 0x0F){
      00007B 74 0F            [12]  426 	mov	a,#0x0f
      00007D B5 2A 04         [24]  427 	cjne	a,_threadMask,00102$
                                    428 ;	preemptive.c:124: return -1;
      000080 75 82 FF         [24]  429 	mov	dpl, #0xff
      000083 22               [24]  430 	ret
      000084                        431 00102$:
                                    432 ;	preemptive.c:204: }
      000084 D2*00            [12]  433 	setb	_ThreadCreate_sloc0_1_0
      000086 10 AF 02         [24]  434 	jbc	ea,00137$
      000089 C2*00            [12]  435 	clr	_ThreadCreate_sloc0_1_0
      00008B                        436 00137$:
                                    437 ;	preemptive.c:166: for(i = 0; i != MAXTHREADS; i++){
      00008B 75 2B 00         [24]  438 	mov	_i,#0x00
      00008E                        439 00107$:
      00008E 74 04            [12]  440 	mov	a,#0x04
      000090 B5 2B 02         [24]  441 	cjne	a,_i,00138$
      000093 80 29            [24]  442 	sjmp	00105$
      000095                        443 00138$:
                                    444 ;	preemptive.c:168: temp = 1;
      000095 75 2E 01         [24]  445 	mov	_temp,#0x01
                                    446 ;	preemptive.c:169: temp <<= i;
      000098 85 2B F0         [24]  447 	mov	b,_i
      00009B 05 F0            [12]  448 	inc	b
      00009D E5 2E            [12]  449 	mov	a,_temp
      00009F 80 02            [24]  450 	sjmp	00140$
      0000A1                        451 00139$:
      0000A1 25 E0            [12]  452 	add	a,acc
      0000A3                        453 00140$:
      0000A3 D5 F0 FB         [24]  454 	djnz	b,00139$
      0000A6 F5 2E            [12]  455 	mov	_temp,a
                                    456 ;	preemptive.c:170: if(!(threadMask & temp)){
      0000A8 E5 2E            [12]  457 	mov	a,_temp
      0000AA 55 2A            [12]  458 	anl	a,_threadMask
      0000AC 70 09            [24]  459 	jnz	00108$
                                    460 ;	preemptive.c:172: threadMask |= temp;
      0000AE E5 2E            [12]  461 	mov	a,_temp
      0000B0 42 2A            [12]  462 	orl	_threadMask,a
                                    463 ;	preemptive.c:173: newThread = i;
      0000B2 85 2B 2D         [24]  464 	mov	_newThread,_i
                                    465 ;	preemptive.c:174: break;
      0000B5 80 07            [24]  466 	sjmp	00105$
      0000B7                        467 00108$:
                                    468 ;	preemptive.c:166: for(i = 0; i != MAXTHREADS; i++){
      0000B7 E5 2B            [12]  469 	mov	a,_i
      0000B9 04               [12]  470 	inc	a
      0000BA F5 2B            [12]  471 	mov	_i,a
      0000BC 80 D0            [24]  472 	sjmp	00107$
      0000BE                        473 00105$:
                                    474 ;	preemptive.c:178: tempSP = SP;
      0000BE 85 81 2C         [24]  475 	mov	_tempSP,_SP
                                    476 ;	preemptive.c:181: SP = (0x3F) + newThread * (0x10);
      0000C1 E5 2D            [12]  477 	mov	a,_newThread
      0000C3 C4               [12]  478 	swap	a
      0000C4 54 F0            [12]  479 	anl	a,#0xf0
      0000C6 FF               [12]  480 	mov	r7,a
      0000C7 24 3F            [12]  481 	add	a,#0x3f
      0000C9 F5 81            [12]  482 	mov	_SP,a
                                    483 ;	preemptive.c:186: __endasm;
      0000CB C0 82            [24]  484 	PUSH	DPL
      0000CD C0 83            [24]  485 	PUSH	DPH
                                    486 ;	preemptive.c:194: __endasm;
      0000CF 54 00            [12]  487 	ANL	A, #0
      0000D1 C0 E0            [24]  488 	PUSH	ACC
      0000D3 C0 E0            [24]  489 	PUSH	ACC
      0000D5 C0 E0            [24]  490 	PUSH	ACC
      0000D7 C0 E0            [24]  491 	PUSH	ACC
                                    492 ;	preemptive.c:196: PSW = (newThread << 3);
      0000D9 E5 2D            [12]  493 	mov	a,_newThread
      0000DB FF               [12]  494 	mov	r7,a
      0000DC C4               [12]  495 	swap	a
      0000DD 03               [12]  496 	rr	a
      0000DE 54 F8            [12]  497 	anl	a,#0xf8
      0000E0 F5 D0            [12]  498 	mov	_PSW,a
                                    499 ;	preemptive.c:199: __endasm;
      0000E2 C0 D0            [24]  500 	PUSH	PSW
                                    501 ;	preemptive.c:201: savedSP[newThread] = SP;
      0000E4 E5 2D            [12]  502 	mov	a,_newThread
      0000E6 24 25            [12]  503 	add	a, #_savedSP
      0000E8 F8               [12]  504 	mov	r0,a
      0000E9 A6 81            [24]  505 	mov	@r0,_SP
                                    506 ;	preemptive.c:203: SP = tempSP;
      0000EB 85 2C 81         [24]  507 	mov	_SP,_tempSP
      0000EE A2*00            [12]  508 	mov	c,_ThreadCreate_sloc0_1_0
      0000F0 92 AF            [24]  509 	mov	ea,c
                                    510 ;	preemptive.c:206: return newThread;
      0000F2 85 2D 82         [24]  511 	mov	dpl, _newThread
                                    512 ;	preemptive.c:207: }
      0000F5 22               [24]  513 	ret
                                    514 ;------------------------------------------------------------
                                    515 ;Allocation info for local variables in function 'ThreadYield'
                                    516 ;------------------------------------------------------------
                                    517 ;	preemptive.c:216: void ThreadYield(void){
                                    518 ;	-----------------------------------------
                                    519 ;	 function ThreadYield
                                    520 ;	-----------------------------------------
      0000F6                        521 _ThreadYield:
                                    522 ;	preemptive.c:217: EA = 0;
                                    523 ;	assignBit
      0000F6 C2 AF            [12]  524 	clr	_EA
                                    525 ;	preemptive.c:218: SAVESTATE;
      0000F8 C0 E0            [24]  526 	PUSH ACC 
      0000FA C0 F0            [24]  527 	PUSH B 
      0000FC C0 82            [24]  528 	PUSH DPL 
      0000FE C0 83            [24]  529 	PUSH DPH 
      000100 C0 D0            [24]  530 	PUSH PSW 
      000102 E5 29            [12]  531 	mov	a,_currentThread
      000104 24 25            [12]  532 	add	a, #_savedSP
      000106 F8               [12]  533 	mov	r0,a
      000107 A6 81            [24]  534 	mov	@r0,_SP
                                    535 ;	preemptive.c:219: do{
      000109                        536 00103$:
                                    537 ;	preemptive.c:230: currentThread = (currentThread < 3) ? currentThread + 1 : 0;
      000109 74 FD            [12]  538 	mov	a,#0x100 - 0x03
      00010B 25 29            [12]  539 	add	a,_currentThread
      00010D 40 0B            [24]  540 	jc	00108$
      00010F AF 29            [24]  541 	mov	r7,_currentThread
      000111 0F               [12]  542 	inc	r7
      000112 EF               [12]  543 	mov	a,r7
      000113 FE               [12]  544 	mov	r6,a
      000114 33               [12]  545 	rlc	a
      000115 95 E0            [12]  546 	subb	a,acc
      000117 FF               [12]  547 	mov	r7,a
      000118 80 04            [24]  548 	sjmp	00109$
      00011A                        549 00108$:
      00011A 7E 00            [12]  550 	mov	r6,#0x00
      00011C 7F 00            [12]  551 	mov	r7,#0x00
      00011E                        552 00109$:
      00011E 8E 29            [24]  553 	mov	_currentThread,r6
                                    554 ;	preemptive.c:231: temp = 1 << currentThread;
      000120 85 29 F0         [24]  555 	mov	b,_currentThread
      000123 05 F0            [12]  556 	inc	b
      000125 74 01            [12]  557 	mov	a,#0x01
      000127 80 02            [24]  558 	sjmp	00130$
      000129                        559 00129$:
      000129 25 E0            [12]  560 	add	a,acc
      00012B                        561 00130$:
      00012B D5 F0 FB         [24]  562 	djnz	b,00129$
      00012E F5 2E            [12]  563 	mov	_temp,a
                                    564 ;	preemptive.c:232: if (threadMask & temp){
      000130 E5 2E            [12]  565 	mov	a,_temp
      000132 55 2A            [12]  566 	anl	a,_threadMask
      000134 60 D3            [24]  567 	jz	00103$
                                    568 ;	preemptive.c:237: EA = 1;
                                    569 ;	assignBit
      000136 D2 AF            [12]  570 	setb	_EA
                                    571 ;	preemptive.c:238: RESTORESTATE;
      000138 E5 29            [12]  572 	mov	a,_currentThread
      00013A 24 25            [12]  573 	add	a, #_savedSP
      00013C F9               [12]  574 	mov	r1,a
      00013D 87 81            [24]  575 	mov	_SP,@r1
      00013F D0 D0            [24]  576 	POP PSW 
      000141 D0 83            [24]  577 	POP DPH 
      000143 D0 82            [24]  578 	POP DPL 
      000145 D0 F0            [24]  579 	POP B 
      000147 D0 E0            [24]  580 	POP ACC 
                                    581 ;	preemptive.c:239: }
      000149 22               [24]  582 	ret
                                    583 ;------------------------------------------------------------
                                    584 ;Allocation info for local variables in function 'ThreadExit'
                                    585 ;------------------------------------------------------------
                                    586 ;	preemptive.c:245: void ThreadExit(void)
                                    587 ;	-----------------------------------------
                                    588 ;	 function ThreadExit
                                    589 ;	-----------------------------------------
      00014A                        590 _ThreadExit:
                                    591 ;	preemptive.c:253: EA = 0;
                                    592 ;	assignBit
      00014A C2 AF            [12]  593 	clr	_EA
                                    594 ;	preemptive.c:254: temp = 1 << currentThread;
      00014C 85 29 F0         [24]  595 	mov	b,_currentThread
      00014F 05 F0            [12]  596 	inc	b
      000151 74 01            [12]  597 	mov	a,#0x01
      000153 80 02            [24]  598 	sjmp	00136$
      000155                        599 00135$:
      000155 25 E0            [12]  600 	add	a,acc
      000157                        601 00136$:
      000157 D5 F0 FB         [24]  602 	djnz	b,00135$
      00015A F5 2E            [12]  603 	mov	_temp,a
                                    604 ;	preemptive.c:255: threadMask ^= temp;
      00015C E5 2E            [12]  605 	mov	a,_temp
      00015E 62 2A            [12]  606 	xrl	_threadMask,a
                                    607 ;	preemptive.c:256: for(i = 0; i < MAXTHREADS; i++){
      000160 75 2B 00         [24]  608 	mov	_i,#0x00
      000163                        609 00107$:
      000163 74 FC            [12]  610 	mov	a,#0x100 - 0x04
      000165 25 2B            [12]  611 	add	a,_i
      000167 40 22            [24]  612 	jc	00103$
                                    613 ;	preemptive.c:257: temp = 1 << i;
      000169 85 2B F0         [24]  614 	mov	b,_i
      00016C 05 F0            [12]  615 	inc	b
      00016E 74 01            [12]  616 	mov	a,#0x01
      000170 80 02            [24]  617 	sjmp	00139$
      000172                        618 00138$:
      000172 25 E0            [12]  619 	add	a,acc
      000174                        620 00139$:
      000174 D5 F0 FB         [24]  621 	djnz	b,00138$
      000177 F5 2E            [12]  622 	mov	_temp,a
                                    623 ;	preemptive.c:258: if(temp & threadMask){
      000179 E5 2A            [12]  624 	mov	a,_threadMask
      00017B 55 2E            [12]  625 	anl	a,_temp
      00017D 60 05            [24]  626 	jz	00108$
                                    627 ;	preemptive.c:259: currentThread = i;
      00017F 85 2B 29         [24]  628 	mov	_currentThread,_i
                                    629 ;	preemptive.c:260: break;
      000182 80 07            [24]  630 	sjmp	00103$
      000184                        631 00108$:
                                    632 ;	preemptive.c:256: for(i = 0; i < MAXTHREADS; i++){
      000184 E5 2B            [12]  633 	mov	a,_i
      000186 04               [12]  634 	inc	a
      000187 F5 2B            [12]  635 	mov	_i,a
      000189 80 D8            [24]  636 	sjmp	00107$
      00018B                        637 00103$:
                                    638 ;	preemptive.c:263: if (i == MAXTHREADS){
      00018B 74 04            [12]  639 	mov	a,#0x04
      00018D B5 2B 03         [24]  640 	cjne	a,_i,00105$
                                    641 ;	preemptive.c:264: currentThread = -1;
      000190 75 29 FF         [24]  642 	mov	_currentThread,#0xff
      000193                        643 00105$:
                                    644 ;	preemptive.c:266: RESTORESTATE;
      000193 E5 29            [12]  645 	mov	a,_currentThread
      000195 24 25            [12]  646 	add	a, #_savedSP
      000197 F9               [12]  647 	mov	r1,a
      000198 87 81            [24]  648 	mov	_SP,@r1
      00019A D0 D0            [24]  649 	POP PSW 
      00019C D0 83            [24]  650 	POP DPH 
      00019E D0 82            [24]  651 	POP DPL 
      0001A0 D0 F0            [24]  652 	POP B 
      0001A2 D0 E0            [24]  653 	POP ACC 
                                    654 ;	preemptive.c:267: EA = 1;
                                    655 ;	assignBit
      0001A4 D2 AF            [12]  656 	setb	_EA
                                    657 ;	preemptive.c:268: }
      0001A6 22               [24]  658 	ret
                                    659 	.area CSEG    (CODE)
                                    660 	.area CONST   (CODE)
                                    661 	.area XINIT   (CODE)
                                    662 	.area CABS    (ABS,CODE)
